asm/banks/prg_0c_0d.asm:4083: Error: Symbol ‘@Done’ is already defined
asm/banks/prg_0c_0d.asm:4051: Note: The symbol was previously defined here
asm/banks/prg_0c_0d.asm:4093: Error: Symbol ‘@Done’ is already defined
asm/banks/prg_0c_0d.asm:4051: Note: The symbol was previously defined here
asm/banks/prg_0c_0d.asm:4136: Error: Symbol ‘@AdvanceState’ is already defined
asm/banks/prg_0c_0d.asm:4081: Note: The symbol was previously defined here
asm/banks/prg_0c_0d.asm:4166: Error: Symbol ‘@State_Confirm’ is already defined
asm/banks/prg_0c_0d.asm:4139: Note: The symbol was previously defined here
asm/banks/prg_0c_0d.asm:4180: Error: Symbol ‘@Done’ is already defined
asm/banks/prg_0c_0d.asm:4051: Note: The symbol was previously defined here
asm/banks/prg_0c_0d.asm:4182: Error: Symbol ‘@State_Execute’ is already defined
asm/banks/prg_0c_0d.asm:4098: Note: The symbol was previously defined here
asm/banks/prg_0c_0d.asm:4197: Error: Symbol ‘@Done’ is already defined
asm/banks/prg_0c_0d.asm:4051: Note: The symbol was previously defined here
asm/banks/prg_0c_0d.asm:4254: Error: Symbol ‘@Done’ is already defined
asm/banks/prg_0c_0d.asm:4051: Note: The symbol was previously defined here
asm/banks/prg_0c_0d.asm:4333: Error: Symbol ‘@Done’ is already defined
asm/banks/prg_0c_0d.asm:4051: Note: The symbol was previously defined here
asm/banks/prg_0c_0d.asm:4341: Error: Symbol ‘@State_Select’ is already defined
asm/banks/prg_0c_0d.asm:4053: Note: The symbol was previously defined here
asm/banks/prg_0c_0d.asm:4363: Error: Symbol ‘@State_Confirm’ is already defined
asm/banks/prg_0c_0d.asm:4139: Note: The symbol was previously defined here
asm/banks/prg_0c_0d.asm:4386: Error: Symbol ‘@Done’ is already defined
asm/banks/prg_0c_0d.asm:4051: Note: The symbol was previously defined here
asm/banks/prg_0c_0d.asm:4401: Error: Symbol ‘@State_Cancel’ is already defined
asm/banks/prg_0c_0d.asm:4316: Note: The symbol was previously defined here
asm/banks/prg_0c_0d.asm:4412: Error: Symbol ‘@Done’ is already defined
asm/banks/prg_0c_0d.asm:4051: Note: The symbol was previously defined here
asm/banks/prg_0c_0d.asm:4422: Error: Symbol ‘@Done’ is already defined
asm/banks/prg_0c_0d.asm:4051: Note: The symbol was previously defined here
asm/banks/prg_0c_0d.asm:4951: Error: Illegal addressing mode
asm/banks/prg_0c_0d.asm:5118: Error: Symbol ‘@Done’ is already defined
asm/banks/prg_0c_0d.asm:5050: Note: The symbol was previously defined here
asm/banks/prg_0c_0d.asm:5242: Error: Symbol ‘@Continue’ is already defined
asm/banks/prg_0c_0d.asm:5210: Note: The symbol was previously defined here
asm/banks/prg_0c_0d.asm:5341: Error: Symbol ‘@Done’ is already defined
asm/banks/prg_0c_0d.asm:5050: Note: The symbol was previously defined here
asm/banks/prg_0c_0d.asm:5393: Error: Symbol ‘@Done’ is already defined
asm/banks/prg_0c_0d.asm:5050: Note: The symbol was previously defined here
asm/banks/prg_0c_0d.asm:5465: Error: Symbol ‘@Done’ is already defined
asm/banks/prg_0c_0d.asm:5424: Note: The symbol was previously defined here
asm/banks/prg_0c_0d.asm:5489: Error: Symbol ‘@Done’ is already defined
asm/banks/prg_0c_0d.asm:5424: Note: The symbol was previously defined here
asm/banks/prg_0c_0d.asm:5787: Error: Symbol ‘@Done’ is already defined
asm/banks/prg_0c_0d.asm:5424: Note: The symbol was previously defined here
asm/banks/prg_0c_0d.asm:5793: Error: Symbol ‘@Done’ is already defined
asm/banks/prg_0c_0d.asm:5424: Note: The symbol was previously defined here
asm/banks/prg_0c_0d.asm:5848: Error: Symbol ‘@Done’ is already defined
asm/banks/prg_0c_0d.asm:5837: Note: The symbol was previously defined here
asm/banks/prg_0c_0d.asm:5896: Error: Symbol ‘@ScanLoop’ is already defined
asm/banks/prg_0c_0d.asm:5869: Note: The symbol was previously defined here
asm/banks/prg_0c_0d.asm:5960: Error: Symbol ‘@AdvanceState’ is already defined
asm/banks/prg_0c_0d.asm:5850: Note: The symbol was previously defined here
asm/banks/prg_0c_0d.asm:5967: Error: Symbol ‘@ShowUI’ is already defined
asm/banks/prg_0c_0d.asm:5832: Note: The symbol was previously defined here
asm/banks/prg_0c_0d.asm:5970: Error: Symbol ‘@Done’ is already defined
asm/banks/prg_0c_0d.asm:5837: Note: The symbol was previously defined here
asm/banks/prg_0c_0d.asm:5985: Error: Symbol ‘@Done’ is already defined
asm/banks/prg_0c_0d.asm:5837: Note: The symbol was previously defined here
asm/banks/prg_0c_0d.asm:6004: Error: Symbol ‘@Done’ is already defined
asm/banks/prg_0c_0d.asm:5837: Note: The symbol was previously defined here
asm/banks/prg_0c_0d.asm:6042: Error: Symbol ‘@NextSlot’ is already defined
asm/banks/prg_0c_0d.asm:5876: Note: The symbol was previously defined here
asm/banks/prg_0c_0d.asm:6053: Error: Symbol ‘@ShowUI’ is already defined
asm/banks/prg_0c_0d.asm:5832: Note: The symbol was previously defined here
asm/banks/prg_0c_0d.asm:6056: Error: Symbol ‘@Done’ is already defined
asm/banks/prg_0c_0d.asm:5837: Note: The symbol was previously defined here
asm/banks/prg_0c_0d.asm:6063: Error: Expected ‘:’ after identifier to form a label but found ‘223’
asm/banks/prg_0c_0d.asm:6066: Error: Symbol ‘@CheckConfirm’ is already defined
asm/banks/prg_0c_0d.asm:5844: Note: The symbol was previously defined here
asm/banks/prg_0c_0d.asm:6070: Error: Symbol ‘@ResetState’ is already defined
asm/banks/prg_0c_0d.asm:5912: Note: The symbol was previously defined here
asm/banks/prg_0c_0d.asm:6082: Error: Symbol ‘@Done’ is already defined
asm/banks/prg_0c_0d.asm:5837: Note: The symbol was previously defined here
asm/banks/prg_0c_0d.asm:6099: Error: Expected ‘:’ after identifier to form a label but found ‘(’
asm/banks/prg_0c_0d.asm:6101: Error: Expected ‘:’ after identifier to form a label but found ‘8’
asm/banks/prg_0c_0d.asm:6103: Error: Expected ‘:’ after identifier to form a label but found ‘#’
asm/banks/prg_0c_0d.asm:6106: Error: Expected ‘:’ after identifier to form a label but found ‘65535’
asm/banks/prg_0c_0d.asm:6109: Error: Expected ‘:’ after identifier to form a label but found ‘(’
asm/banks/prg_0c_0d.asm:6111: Error: Expected ‘:’ after identifier to form a label but found ‘8’
asm/banks/prg_0c_0d.asm:6113: Error: Expected ‘:’ after identifier to form a label but found ‘#’
asm/banks/prg_0c_0d.asm:6115: Error: Expected ‘:’ after identifier to form a label but found ‘65535’
asm/banks/prg_0c_0d.asm:6116: Error: Expected ‘:’ after identifier to form a label but found ‘255’
asm/banks/prg_0c_0d.asm:6118: Error: Expected ‘:’ after identifier to form a label but found ‘(’
asm/banks/prg_0c_0d.asm:6120: Error: Expected ‘:’ after identifier to form a label but found ‘8’
asm/banks/prg_0c_0d.asm:6122: Error: Expected ‘:’ after identifier to form a label but found ‘#’
asm/banks/prg_0c_0d.asm:6124: Error: Expected ‘:’ after identifier to form a label but found ‘255’
asm/banks/prg_0c_0d.asm:6126: Error: Expected ‘:’ after identifier to form a label but found ‘(’
asm/banks/prg_0c_0d.asm:6128: Error: Expected ‘:’ after identifier to form a label but found ‘8’
asm/banks/prg_0c_0d.asm:6130: Error: Expected ‘:’ after identifier to form a label but found ‘#’
asm/banks/prg_0c_0d.asm:6132: Error: Expected ‘:’ after identifier to form a label but found ‘255’
asm/banks/prg_0c_0d.asm:6134: Error: Expected ‘:’ after identifier to form a label but found ‘(’
asm/banks/prg_0c_0d.asm:6136: Error: Expected ‘:’ after identifier to form a label but found ‘8’
asm/banks/prg_0c_0d.asm:6138: Error: Expected ‘:’ after identifier to form a label but found ‘#’
asm/banks/prg_0c_0d.asm:6139: Error: Expected ‘:’ after identifier to form a label but found ‘65535’
asm/banks/prg_0c_0d.asm:6140: Error: Expected ‘:’ after identifier to form a label but found ‘255’
asm/banks/prg_0c_0d.asm:6142: Error: Expected ‘:’ after identifier to form a label but found ‘(’
asm/banks/prg_0c_0d.asm:6144: Error: Expected ‘:’ after identifier to form a label but found ‘8’
asm/banks/prg_0c_0d.asm:6146: Error: Expected ‘:’ after identifier to form a label but found ‘#’
asm/banks/prg_0c_0d.asm:6147: Error: Expected ‘:’ after identifier to form a label but found ‘255’
asm/banks/prg_0c_0d.asm:6149: Error: Expected ‘:’ after identifier to form a label but found ‘(’
asm/banks/prg_0c_0d.asm:6151: Error: Expected ‘:’ after identifier to form a label but found ‘8’
asm/banks/prg_0c_0d.asm:6153: Error: Expected ‘:’ after identifier to form a label but found ‘65535’
asm/banks/prg_0c_0d.asm:6154: Error: Expected ‘:’ after identifier to form a label but found ‘256’
asm/banks/prg_0c_0d.asm:6155: Error: Expected ‘:’ after identifier to form a label but found ‘end-of-line’
asm/banks/prg_0c_0d.asm:6156: Error: Expected ‘:’ after identifier to form a label but found ‘(’
asm/banks/prg_0c_0d.asm:6158: Error: Expected ‘:’ after identifier to form a label but found ‘8’
asm/banks/prg_0c_0d.asm:6160: Error: Expected ‘:’ after identifier to form a label but found ‘65535’
asm/banks/prg_0c_0d.asm:6161: Error: Expected ‘:’ after identifier to form a label but found ‘256’
asm/banks/prg_0c_0d.asm:6162: Error: Expected ‘:’ after identifier to form a label but found ‘end-of-line’
asm/banks/prg_0c_0d.asm:6163: Error: Expected ‘:’ after identifier to form a label but found ‘(’
asm/banks/prg_0c_0d.asm:6165: Error: Expected ‘:’ after identifier to form a label but found ‘8’
asm/banks/prg_0c_0d.asm:6166: Error: Expected ‘:’ after identifier to form a label but found ‘65535’
asm/banks/prg_0c_0d.asm:6169: Error: Expected ‘:’ after identifier to form a label but found ‘(’
asm/banks/prg_0c_0d.asm:6171: Error: Expected ‘:’ after identifier to form a label but found ‘255’
asm/banks/prg_0c_0d.asm:6172: Error: Expected ‘:’ after identifier to form a label but found ‘65535’
asm/banks/prg_0c_0d.asm:6175: Error: Expected ‘:’ after identifier to form a label but found ‘(’
asm/banks/prg_0c_0d.asm:6177: Error: Expected ‘:’ after identifier to form a label but found ‘65535’
asm/banks/prg_0c_0d.asm:6178: Error: Expected ‘:’ after identifier to form a label but found ‘255’
asm/banks/prg_0c_0d.asm:6180: Error: Expected ‘:’ after identifier to form a label but found ‘(’
asm/banks/prg_0c_0d.asm:6182: Error: Expected ‘:’ after identifier to form a label but found ‘255’
asm/banks/prg_0c_0d.asm:6184: Error: Expected ‘:’ after identifier to form a label but found ‘(’
asm/banks/prg_0c_0d.asm:6185: Error: Expected ‘:’ after identifier to form a label but found ‘65535’
asm/banks/prg_0c_0d.asm:6186: Error: Expected ‘:’ after identifier to form a label but found ‘256’
asm/banks/prg_0c_0d.asm:6187: Error: Expected ‘:’ after identifier to form a label but found ‘end-of-line’
asm/banks/prg_0c_0d.asm:6188: Error: Expected ‘:’ after identifier to form a label but found ‘(’
asm/banks/prg_0c_0d.asm:6189: Error: Expected ‘:’ after identifier to form a label but found ‘65535’
asm/banks/prg_0c_0d.asm:6190: Error: Expected ‘:’ after identifier to form a label but found ‘256’
asm/banks/prg_0c_0d.asm:6191: Error: Expected ‘:’ after identifier to form a label but found ‘end-of-line’
asm/banks/prg_0c_0d.asm:6192: Error: Expected ‘:’ after identifier to form a label but found ‘65535’
asm/banks/prg_0c_0d.asm:6195: Error: Expected ‘:’ after identifier to form a label but found ‘65535’
asm/banks/prg_0c_0d.asm:6197: Error: Expected ‘:’ after identifier to form a label but found ‘65535’
asm/banks/prg_0c_0d.asm:6198: Error: Expected ‘:’ after identifier to form a label but found ‘44287’
asm/banks/prg_0c_0d.asm:6199: Error: Expected ‘:’ after identifier to form a label but found ‘5’
